Archive member included because of file (symbol)

c:/hightec/toolchains/tricore/v4.6.6.1/bin/../lib/gcc/tricore/4.6.4/../../../../tricore/lib/tc161/short-double\libos.a(libos_exit.o)
                              c:/hightec/toolchains/tricore/v4.6.6.1/bin/../lib/gcc/tricore/4.6.4/crt0-tc27xx.o (_exit)

Discarded input sections

 .text          0x00000000        0x0 c:/hightec/toolchains/tricore/v4.6.6.1/bin/../lib/gcc/tricore/4.6.4/tc161/short-double/crti.o
 .data          0x00000000        0x0 c:/hightec/toolchains/tricore/v4.6.6.1/bin/../lib/gcc/tricore/4.6.4/tc161/short-double/crti.o
 .bss           0x00000000        0x0 c:/hightec/toolchains/tricore/v4.6.6.1/bin/../lib/gcc/tricore/4.6.4/tc161/short-double/crti.o
 .text          0x00000000        0x4 c:/hightec/toolchains/tricore/v4.6.6.1/bin/../lib/gcc/tricore/4.6.4/tc161/short-double/crtbegin.o
 .data          0x00000000        0x8 c:/hightec/toolchains/tricore/v4.6.6.1/bin/../lib/gcc/tricore/4.6.4/tc161/short-double/crtbegin.o
 .text.call___do_global_dtors_aux
                0x00000000        0x0 c:/hightec/toolchains/tricore/v4.6.6.1/bin/../lib/gcc/tricore/4.6.4/tc161/short-double/crtbegin.o
 .text.call_frame_dummy
                0x00000000        0x0 c:/hightec/toolchains/tricore/v4.6.6.1/bin/../lib/gcc/tricore/4.6.4/tc161/short-double/crtbegin.o
 .text          0x00000000        0x0 c:/hightec/toolchains/tricore/v4.6.6.1/bin/../lib/gcc/tricore/4.6.4/crt0-tc27xx.o
 .data          0x00000000        0x0 c:/hightec/toolchains/tricore/v4.6.6.1/bin/../lib/gcc/tricore/4.6.4/crt0-tc27xx.o
 .bss           0x00000000        0x0 c:/hightec/toolchains/tricore/v4.6.6.1/bin/../lib/gcc/tricore/4.6.4/crt0-tc27xx.o
 .data          0x00000000        0x0 src/hello.o
 .text          0x00000000        0x0 c:/hightec/toolchains/tricore/v4.6.6.1/bin/../lib/gcc/tricore/4.6.4/../../../../tricore/lib/tc161/short-double\libos.a(libos_exit.o)
 .data          0x00000000        0x0 c:/hightec/toolchains/tricore/v4.6.6.1/bin/../lib/gcc/tricore/4.6.4/../../../../tricore/lib/tc161/short-double\libos.a(libos_exit.o)
 .bss           0x00000000        0x8 c:/hightec/toolchains/tricore/v4.6.6.1/bin/../lib/gcc/tricore/4.6.4/../../../../tricore/lib/tc161/short-double\libos.a(libos_exit.o)
 .text          0x00000000        0x2 c:/hightec/toolchains/tricore/v4.6.6.1/bin/../lib/gcc/tricore/4.6.4/tc161/short-double/crtend.o
 .data          0x00000000        0x8 c:/hightec/toolchains/tricore/v4.6.6.1/bin/../lib/gcc/tricore/4.6.4/tc161/short-double/crtend.o
 .bss           0x00000000        0x0 c:/hightec/toolchains/tricore/v4.6.6.1/bin/../lib/gcc/tricore/4.6.4/tc161/short-double/crtend.o
 .jcr           0x00000000        0x4 c:/hightec/toolchains/tricore/v4.6.6.1/bin/../lib/gcc/tricore/4.6.4/tc161/short-double/crtend.o
 .text.call___do_global_ctors_aux
                0x00000000        0x0 c:/hightec/toolchains/tricore/v4.6.6.1/bin/../lib/gcc/tricore/4.6.4/tc161/short-double/crtend.o
 .text          0x00000000        0x0 c:/hightec/toolchains/tricore/v4.6.6.1/bin/../lib/gcc/tricore/4.6.4/tc161/short-double/crtn.o
 .data          0x00000000        0x0 c:/hightec/toolchains/tricore/v4.6.6.1/bin/../lib/gcc/tricore/4.6.4/tc161/short-double/crtn.o
 .bss           0x00000000        0x0 c:/hightec/toolchains/tricore/v4.6.6.1/bin/../lib/gcc/tricore/4.6.4/tc161/short-double/crtn.o

----- BEGIN EXTENDED MAP LISTING -----

>>> Linker and link run information

Linker version: GNU ld version (GNU Binutils) 2.20 (TriCore) using BFD version (GNU Binutils) 2.20 (v2.3), Tool Version v2.7
Name of linker executable: c:/hightec/toolchains/tricore/v4.6.6.1/bin/../lib/gcc/tricore/4.6.4/../../../../tricore/bin/ld.exe
Date of link run: Fri Mar 13 12:15:05 2020
Name of linker map file: Test.map

>>> Symbols (global (S = g) and static (S = l); sorted by address)

============================================================================================================================================================================================================
Start      End         Size S Name                      Memory   O-Sec         I-Sec                       Input object                                                                                     
============================================================================================================================================================================================================
0x00000400 0x00000400     0 g __ISTACK_SIZE             *ABS*    *ABS*         *ABS*                       *ABS*
0x00001000 0x00001000     0 g __HEAP_SIZE               *ABS*    *ABS*         *ABS*                       *ABS*
0x00001000 0x00001000     0 g __USTACK_SIZE             *ABS*    *ABS*         *ABS*                       *ABS*
0x00002700 0x00002700     0 g __TRICORE_DERIVATE_NAME__ *ABS*    *ABS*         *ABS*                       *ABS*
0x00004000 0x00004000     0 g __CSA_SIZE                *ABS*    *ABS*         *ABS*                       *ABS*
0x00004000 0x00004000     0 g __PMU_DFLASH0_1_SIZE      *ABS*    *ABS*         *ABS*                       *ABS*
0x00006000 0x00006000     0 g __PMI_PSPR_SIZE           *ABS*    *ABS*         *ABS*                       *ABS*
0x00008000 0x00008000     0 g __BROM_SIZE               *ABS*    *ABS*         *ABS*                       *ABS*
0x00008000 0x00008000     0 g __LMU_SRAM_SIZE           *ABS*    *ABS*         *ABS*                       *ABS*
0x0000fe00 0x0000fe00     0 l $pcxi                     *ABS*    *ABS*         *ABS*                       *ABS*
0x0000fe04 0x0000fe04     0 l $psw                      *ABS*    *ABS*         *ABS*                       *ABS*
0x0000fe1c 0x0000fe1c     0 l CORE_ID                   *ABS*    *ABS*         *ABS*                       *ABS*
0x0000fe28 0x0000fe28     0 l $isp                      *ABS*    *ABS*         *ABS*                       *ABS*
0x0000fe38 0x0000fe38     0 l $fcx                      *ABS*    *ABS*         *ABS*                       *ABS*
0x0000fe3c 0x0000fe3c     0 l $lcx                      *ABS*    *ABS*         *ABS*                       *ABS*
0x00010000 0x00010000     0 g __PMU_DFLASH1_SIZE        *ABS*    *ABS*         *ABS*                       *ABS*
0x0001c000 0x0001c000     0 g __DMI_DSPR_SIZE           *ABS*    *ABS*         *ABS*                       *ABS*
0x00100000 0x00100000     0 g __PMU_DFLASH0_SIZE        *ABS*    *ABS*         *ABS*                       *ABS*
0x00200000 0x00200000     0 g __PMU_PFLASH0_SIZE        *ABS*    *ABS*         *ABS*                       *ABS*
0x00200000 0x00200000     0 g __PMU_PFLASH1_SIZE        *ABS*    *ABS*         *ABS*                       *ABS*
0x80000000 0x80000000     0 g __PMU_PFLASH0_BEGIN       *ABS*    *ABS*         *ABS*                       *ABS*
0x80200000 0x80200000     0 g __PMU_PFLASH1_BEGIN       *ABS*    *ABS*         *ABS*                       *ABS*
0x8fff8000 0x8fff8000     0 g __BROM_BEGIN              *ABS*    *ABS*         *ABS*                       *ABS*
0x90000000 0x90000000     0 g __LMU_SRAM_BEGIN          *ABS*    *ABS*         *ABS*                       *ABS*
0xaf000000 0xaf000000     0 g __PMU_DFLASH0_BEGIN       *ABS*    *ABS*         *ABS*                       *ABS*
0xaf100000 0xaf100000     0 g __PMU_DFLASH0_1_BEGIN     *ABS*    *ABS*         *ABS*                       *ABS*
0xaf110000 0xaf110000     0 g __PMU_DFLASH1_BEGIN       *ABS*    *ABS*         *ABS*                       *ABS*
0xc0000000 0xc0000000     0 g __PMI_PSPR_BEGIN          *ABS*    *ABS*         *ABS*                       *ABS*
0xc0000020 0xc0000020     0 g _start                    PMI_PSPR .startup_code .startup_code               c:/hightec/toolchains/tricore/v4.6.6.1/bin/../lib/gcc/tricore/4.6.4/crt0-tc27xx.o
0xc0000024 0xc0000024     0 l _startaddr                PMI_PSPR .startup_code .startup_code               c:/hightec/toolchains/tricore/v4.6.6.1/bin/../lib/gcc/tricore/4.6.4/crt0-tc27xx.o
0xc0000040 0xc0000040     0 l do_endinit_cpuN           PMI_PSPR .startup_code .startup_code               c:/hightec/toolchains/tricore/v4.6.6.1/bin/../lib/gcc/tricore/4.6.4/crt0-tc27xx.o
0xc000004c 0xc000004c     0 l endinit_done_cpuN         PMI_PSPR .startup_code .startup_code               c:/hightec/toolchains/tricore/v4.6.6.1/bin/../lib/gcc/tricore/4.6.4/crt0-tc27xx.o
0xc0000054 0xc0000054     0 l do_endinit_s              PMI_PSPR .startup_code .startup_code               c:/hightec/toolchains/tricore/v4.6.6.1/bin/../lib/gcc/tricore/4.6.4/crt0-tc27xx.o
0xc0000066 0xc0000066     0 l endinit_done_s            PMI_PSPR .startup_code .startup_code               c:/hightec/toolchains/tricore/v4.6.6.1/bin/../lib/gcc/tricore/4.6.4/crt0-tc27xx.o
0xc0000072 0xc0000072     0 l init_stack_pointers       PMI_PSPR .startup_code .startup_code               c:/hightec/toolchains/tricore/v4.6.6.1/bin/../lib/gcc/tricore/4.6.4/crt0-tc27xx.o
0xc00000f2 0xc00000f2     0 l disable_safety_wdt        PMI_PSPR .startup_code .startup_code               c:/hightec/toolchains/tricore/v4.6.6.1/bin/../lib/gcc/tricore/4.6.4/crt0-tc27xx.o
0xc0000116 0xc0000116     0 l jump_to_remapped          PMI_PSPR .startup_code .startup_code               c:/hightec/toolchains/tricore/v4.6.6.1/bin/../lib/gcc/tricore/4.6.4/crt0-tc27xx.o
0xc0000122 0xc0000122     0 l __remapped                PMI_PSPR .startup_code .startup_code               c:/hightec/toolchains/tricore/v4.6.6.1/bin/../lib/gcc/tricore/4.6.4/crt0-tc27xx.o
0xc000015e 0xc000015e     0 l asm_clear_endinit_xx      PMI_PSPR .startup_code .startup_code               c:/hightec/toolchains/tricore/v4.6.6.1/bin/../lib/gcc/tricore/4.6.4/crt0-tc27xx.o
0xc000017e 0xc000017e     0 l asm_set_endinit_xx        PMI_PSPR .startup_code .startup_code               c:/hightec/toolchains/tricore/v4.6.6.1/bin/../lib/gcc/tricore/4.6.4/crt0-tc27xx.o
0xc000019e 0xc000019e     0 g __init_csa                PMI_PSPR .startup_code .startup_code               c:/hightec/toolchains/tricore/v4.6.6.1/bin/../lib/gcc/tricore/4.6.4/crt0-tc27xx.o
0xc00001ee 0xc00001ee     0 l csa_loop                  PMI_PSPR .startup_code .startup_code               c:/hightec/toolchains/tricore/v4.6.6.1/bin/../lib/gcc/tricore/4.6.4/crt0-tc27xx.o
0xc0000212 0xc0000212     0 g __clear_table_func        PMI_PSPR .startup_code .startup_code               c:/hightec/toolchains/tricore/v4.6.6.1/bin/../lib/gcc/tricore/4.6.4/crt0-tc27xx.o
0xc000021e 0xc000021e     0 l __clear_table_next        PMI_PSPR .startup_code .startup_code               c:/hightec/toolchains/tricore/v4.6.6.1/bin/../lib/gcc/tricore/4.6.4/crt0-tc27xx.o
0xc0000236 0xc0000236     0 l __clear_dword             PMI_PSPR .startup_code .startup_code               c:/hightec/toolchains/tricore/v4.6.6.1/bin/../lib/gcc/tricore/4.6.4/crt0-tc27xx.o
0xc000023c 0xc000023c     0 l __clear_word              PMI_PSPR .startup_code .startup_code               c:/hightec/toolchains/tricore/v4.6.6.1/bin/../lib/gcc/tricore/4.6.4/crt0-tc27xx.o
0xc000024c 0xc000024c     0 l __clear_hword             PMI_PSPR .startup_code .startup_code               c:/hightec/toolchains/tricore/v4.6.6.1/bin/../lib/gcc/tricore/4.6.4/crt0-tc27xx.o
0xc000025c 0xc000025c     0 l __clear_byte              PMI_PSPR .startup_code .startup_code               c:/hightec/toolchains/tricore/v4.6.6.1/bin/../lib/gcc/tricore/4.6.4/crt0-tc27xx.o
0xc0000264 0xc0000264     0 l __clear_table_done        PMI_PSPR .startup_code .startup_code               c:/hightec/toolchains/tricore/v4.6.6.1/bin/../lib/gcc/tricore/4.6.4/crt0-tc27xx.o
0xc0000266 0xc0000266     0 g __copy_table_func         PMI_PSPR .startup_code .startup_code               c:/hightec/toolchains/tricore/v4.6.6.1/bin/../lib/gcc/tricore/4.6.4/crt0-tc27xx.o
0xc000026e 0xc000026e     0 l __copy_table_next         PMI_PSPR .startup_code .startup_code               c:/hightec/toolchains/tricore/v4.6.6.1/bin/../lib/gcc/tricore/4.6.4/crt0-tc27xx.o
0xc0000288 0xc0000288     0 l __copy_dword              PMI_PSPR .startup_code .startup_code               c:/hightec/toolchains/tricore/v4.6.6.1/bin/../lib/gcc/tricore/4.6.4/crt0-tc27xx.o
0xc0000292 0xc0000292     0 l __copy_word               PMI_PSPR .startup_code .startup_code               c:/hightec/toolchains/tricore/v4.6.6.1/bin/../lib/gcc/tricore/4.6.4/crt0-tc27xx.o
0xc00002a4 0xc00002a4     0 l __copy_hword              PMI_PSPR .startup_code .startup_code               c:/hightec/toolchains/tricore/v4.6.6.1/bin/../lib/gcc/tricore/4.6.4/crt0-tc27xx.o
0xc00002b6 0xc00002b6     0 l __copy_byte               PMI_PSPR .startup_code .startup_code               c:/hightec/toolchains/tricore/v4.6.6.1/bin/../lib/gcc/tricore/4.6.4/crt0-tc27xx.o
0xc00002c2 0xc00002c2     0 l __copy_table_done         PMI_PSPR .startup_code .startup_code               c:/hightec/toolchains/tricore/v4.6.6.1/bin/../lib/gcc/tricore/4.6.4/crt0-tc27xx.o
0xc00002c8 0xc000036b   164 g main                      PMI_PSPR .text         .text                       src/hello.o
0xc000036c 0xc000036c     0 l __do_global_dtors_aux     PMI_PSPR .text         .text.__do_global_dtors_aux c:/hightec/toolchains/tricore/v4.6.6.1/bin/../lib/gcc/tricore/4.6.4/tc161/short-double/crtbegin.o
0xc00003b6 0xc00003b6     0 l frame_dummy               PMI_PSPR .text         .text.frame_dummy           c:/hightec/toolchains/tricore/v4.6.6.1/bin/../lib/gcc/tricore/4.6.4/tc161/short-double/crtbegin.o
0xc00003d2 0xc00003e1    16 g _exit                     PMI_PSPR .text         .text._exit                 libos_exit.o
0xc00003e2 0xc00003e2     0 l __do_global_ctors_aux     PMI_PSPR .text         .text.__do_global_ctors_aux c:/hightec/toolchains/tricore/v4.6.6.1/bin/../lib/gcc/tricore/4.6.4/tc161/short-double/crtend.o
0xc0000400 0xc0000400     0 g _init                     PMI_PSPR .init         .init                       c:/hightec/toolchains/tricore/v4.6.6.1/bin/../lib/gcc/tricore/4.6.4/tc161/short-double/crti.o
0xc0000410 0xc0000410     0 g _fini                     PMI_PSPR .fini         .fini                       c:/hightec/toolchains/tricore/v4.6.6.1/bin/../lib/gcc/tricore/4.6.4/tc161/short-double/crti.o
0xc0000418 0xc0000418     0 g __CTOR_LIST__             PMI_PSPR .ctors        .ctors                      Test.elf
0xc0000418 0xc0000418     0 l __JCR_LIST__              PMI_PSPR .jcr          .jcr                        c:/hightec/toolchains/tricore/v4.6.6.1/bin/../lib/gcc/tricore/4.6.4/tc161/short-double/crtbegin.o
0xc000041c 0xc000041c     0 l __CTOR_LIST__             PMI_PSPR .ctors        .ctors                      c:/hightec/toolchains/tricore/v4.6.6.1/bin/../lib/gcc/tricore/4.6.4/tc161/short-double/crtbegin.o
0xc0000420 0xc0000420     0 l __CTOR_END__              PMI_PSPR .ctors        .ctors                      c:/hightec/toolchains/tricore/v4.6.6.1/bin/../lib/gcc/tricore/4.6.4/tc161/short-double/crtend.o
0xc0000428 0xc0000428     0 g __CTOR_END__              PMI_PSPR .ctors        .ctors                      Test.elf
0xc0000428 0xc0000428     0 g __DTOR_LIST__             PMI_PSPR .dtors        .dtors                      Test.elf
0xc000042c 0xc000042c     0 l __DTOR_LIST__             PMI_PSPR .dtors        .dtors                      c:/hightec/toolchains/tricore/v4.6.6.1/bin/../lib/gcc/tricore/4.6.4/tc161/short-double/crtbegin.o
0xc0000438 0xc0000438     0 g __DTOR_END__              PMI_PSPR .dtors        .dtors                      Test.elf
0xc0000438 0xc0000438     0 g __clear_table             PMI_PSPR .clear_sec    .clear_sec                  Test.elf
0xc0000460 0xc0000460     0 g __copy_table              PMI_PSPR .copy_sec     .copy_sec                   Test.elf
0xd0000000 0xd0000000     0 g __DMI_DSPR_BEGIN          *ABS*    *ABS*         *ABS*                       *ABS*
0xd0000000 0xd0000000     0 l completed.3082            DMI_DSPR .bss          .bss                        c:/hightec/toolchains/tricore/v4.6.6.1/bin/../lib/gcc/tricore/4.6.4/tc161/short-double/crtbegin.o
0xd0000004 0xd0000004     0 l dtor_idx.3084             DMI_DSPR .bss          .bss                        c:/hightec/toolchains/tricore/v4.6.6.1/bin/../lib/gcc/tricore/4.6.4/tc161/short-double/crtbegin.o
0xd0000008 0xd0008747 34624 g TestStruct5Var            DMI_DSPR .bss          .bss                        src/hello.o
0xd0008748 0xd000876f    40 g TestVarArrayFloat32       DMI_DSPR .bss          .bss                        src/hello.o
0xd0008770 0xd0008797    40 g TestVarArrayUint32        DMI_DSPR .bss          .bss                        src/hello.o
0xd0008798 0xd000879b     4 g TestVarFloat2             DMI_DSPR .bss          .bss                        src/hello.o
0xd000879c 0xd000879f     4 g TestVarFloat1             DMI_DSPR .bss          .bss                        src/hello.o
0xd00087a0 0xd00087a3     4 g TestVaru32_3              DMI_DSPR .bss          .bss                        src/hello.o
0xd00087a4 0xd00087a7     4 g TestVaru32_2              DMI_DSPR .bss          .bss                        src/hello.o
0xd00087a8 0xd00087ab     4 g TestVaru32_1              DMI_DSPR .bss          .bss                        src/hello.o
0xd00087ac 0xd000882b   128 g TestStructVar2            DMI_DSPR .bss          .bss                        src/hello.o
0xd000882c 0xd0008c6b  1088 g TestStructArrayVar1       DMI_DSPR .bss          .bss                        src/hello.o
0xd0008c6c 0xd000916b  1280 g TestStructVar1Array       DMI_DSPR .bss          .bss                        src/hello.o
0xd000916c 0xd00091eb   128 g TestStructVar1            DMI_DSPR .bss          .bss                        src/hello.o
0xd00091f0 0xd00091f0     0 g __USTACK_BEGIN            DMI_DSPR .ustack       .ustack                     Test.elf
0xd000a1f0 0xd000a1f0     0 g __ISTACK_BEGIN            DMI_DSPR .istack       .istack                     Test.elf
0xd000a1f0 0xd000a1f0     0 g __USTACK                  DMI_DSPR .ustack       .ustack                     Test.elf
0xd000a1f0 0xd000a1f0     0 g __USTACK_END              DMI_DSPR .ustack       .ustack                     Test.elf
0xd000a5f0 0xd000a5f0     0 g __HEAP                    DMI_DSPR .heap         .heap                       Test.elf
0xd000a5f0 0xd000a5f0     0 g __HEAP_BEGIN              DMI_DSPR .heap         .heap                       Test.elf
0xd000a5f0 0xd000a5f0     0 g __ISTACK                  DMI_DSPR .istack       .istack                     Test.elf
0xd000a5f0 0xd000a5f0     0 g __ISTACK_END              DMI_DSPR .istack       .istack                     Test.elf
0xd000b5f0 0xd000b5f0     0 g __HEAP_END                DMI_DSPR .heap         .heap                       Test.elf
0xd000b600 0xd000b600     0 g __CSA                     DMI_DSPR .csa          .csa                        Test.elf
0xd000b600 0xd000b600     0 g __CSA_BEGIN               DMI_DSPR .csa          .csa                        Test.elf
0xd000f600 0xd000f600     0 g __CSA_END                 DMI_DSPR .csa          .csa                        Test.elf
0xf00360f0 0xf00360f0     0 l SCU_WDTSCON0              *ABS*    *ABS*         *ABS*                       *ABS*
0xf00360f4 0xf00360f4     0 l SCU_WDTSCON1              *ABS*    *ABS*         *ABS*                       *ABS*
0xf0036100 0xf0036100     0 l SCU_WDTCPU0CON0           *ABS*    *ABS*         *ABS*                       *ABS*
0xf0036104 0xf0036104     0 l SCU_WDTCPU0CON1           *ABS*    *ABS*         *ABS*                       *ABS*

>>> Symbols (global (S = g) and static (S = l); sorted by name)

============================================================================================================================================================================================================
Start      End         Size S Name                      Memory   O-Sec         I-Sec                       Input object                                                                                     
============================================================================================================================================================================================================
0x0000fe38 0x0000fe38     0 l $fcx                      *ABS*    *ABS*         *ABS*                       *ABS*
0x0000fe28 0x0000fe28     0 l $isp                      *ABS*    *ABS*         *ABS*                       *ABS*
0x0000fe3c 0x0000fe3c     0 l $lcx                      *ABS*    *ABS*         *ABS*                       *ABS*
0x0000fe00 0x0000fe00     0 l $pcxi                     *ABS*    *ABS*         *ABS*                       *ABS*
0x0000fe04 0x0000fe04     0 l $psw                      *ABS*    *ABS*         *ABS*                       *ABS*
0x0000fe1c 0x0000fe1c     0 l CORE_ID                   *ABS*    *ABS*         *ABS*                       *ABS*
0xf0036100 0xf0036100     0 l SCU_WDTCPU0CON0           *ABS*    *ABS*         *ABS*                       *ABS*
0xf0036104 0xf0036104     0 l SCU_WDTCPU0CON1           *ABS*    *ABS*         *ABS*                       *ABS*
0xf00360f0 0xf00360f0     0 l SCU_WDTSCON0              *ABS*    *ABS*         *ABS*                       *ABS*
0xf00360f4 0xf00360f4     0 l SCU_WDTSCON1              *ABS*    *ABS*         *ABS*                       *ABS*
0xd0000008 0xd0008747 34624 g TestStruct5Var            DMI_DSPR .bss          .bss                        src/hello.o
0xd000882c 0xd0008c6b  1088 g TestStructArrayVar1       DMI_DSPR .bss          .bss                        src/hello.o
0xd000916c 0xd00091eb   128 g TestStructVar1            DMI_DSPR .bss          .bss                        src/hello.o
0xd0008c6c 0xd000916b  1280 g TestStructVar1Array       DMI_DSPR .bss          .bss                        src/hello.o
0xd00087ac 0xd000882b   128 g TestStructVar2            DMI_DSPR .bss          .bss                        src/hello.o
0xd0008748 0xd000876f    40 g TestVarArrayFloat32       DMI_DSPR .bss          .bss                        src/hello.o
0xd0008770 0xd0008797    40 g TestVarArrayUint32        DMI_DSPR .bss          .bss                        src/hello.o
0xd000879c 0xd000879f     4 g TestVarFloat1             DMI_DSPR .bss          .bss                        src/hello.o
0xd0008798 0xd000879b     4 g TestVarFloat2             DMI_DSPR .bss          .bss                        src/hello.o
0xd00087a8 0xd00087ab     4 g TestVaru32_1              DMI_DSPR .bss          .bss                        src/hello.o
0xd00087a4 0xd00087a7     4 g TestVaru32_2              DMI_DSPR .bss          .bss                        src/hello.o
0xd00087a0 0xd00087a3     4 g TestVaru32_3              DMI_DSPR .bss          .bss                        src/hello.o
0x8fff8000 0x8fff8000     0 g __BROM_BEGIN              *ABS*    *ABS*         *ABS*                       *ABS*
0x00008000 0x00008000     0 g __BROM_SIZE               *ABS*    *ABS*         *ABS*                       *ABS*
0xd000b600 0xd000b600     0 g __CSA                     DMI_DSPR .csa          .csa                        Test.elf
0xd000b600 0xd000b600     0 g __CSA_BEGIN               DMI_DSPR .csa          .csa                        Test.elf
0xd000f600 0xd000f600     0 g __CSA_END                 DMI_DSPR .csa          .csa                        Test.elf
0x00004000 0x00004000     0 g __CSA_SIZE                *ABS*    *ABS*         *ABS*                       *ABS*
0xc0000428 0xc0000428     0 g __CTOR_END__              PMI_PSPR .ctors        .ctors                      Test.elf
0xc0000420 0xc0000420     0 l __CTOR_END__              PMI_PSPR .ctors        .ctors                      c:/hightec/toolchains/tricore/v4.6.6.1/bin/../lib/gcc/tricore/4.6.4/tc161/short-double/crtend.o
0xc0000418 0xc0000418     0 g __CTOR_LIST__             PMI_PSPR .ctors        .ctors                      Test.elf
0xc000041c 0xc000041c     0 l __CTOR_LIST__             PMI_PSPR .ctors        .ctors                      c:/hightec/toolchains/tricore/v4.6.6.1/bin/../lib/gcc/tricore/4.6.4/tc161/short-double/crtbegin.o
0xd0000000 0xd0000000     0 g __DMI_DSPR_BEGIN          *ABS*    *ABS*         *ABS*                       *ABS*
0x0001c000 0x0001c000     0 g __DMI_DSPR_SIZE           *ABS*    *ABS*         *ABS*                       *ABS*
0xc0000438 0xc0000438     0 g __DTOR_END__              PMI_PSPR .dtors        .dtors                      Test.elf
0xc0000428 0xc0000428     0 g __DTOR_LIST__             PMI_PSPR .dtors        .dtors                      Test.elf
0xc000042c 0xc000042c     0 l __DTOR_LIST__             PMI_PSPR .dtors        .dtors                      c:/hightec/toolchains/tricore/v4.6.6.1/bin/../lib/gcc/tricore/4.6.4/tc161/short-double/crtbegin.o
0xd000a5f0 0xd000a5f0     0 g __HEAP                    DMI_DSPR .heap         .heap                       Test.elf
0xd000a5f0 0xd000a5f0     0 g __HEAP_BEGIN              DMI_DSPR .heap         .heap                       Test.elf
0xd000b5f0 0xd000b5f0     0 g __HEAP_END                DMI_DSPR .heap         .heap                       Test.elf
0x00001000 0x00001000     0 g __HEAP_SIZE               *ABS*    *ABS*         *ABS*                       *ABS*
0xd000a5f0 0xd000a5f0     0 g __ISTACK                  DMI_DSPR .istack       .istack                     Test.elf
0xd000a1f0 0xd000a1f0     0 g __ISTACK_BEGIN            DMI_DSPR .istack       .istack                     Test.elf
0xd000a5f0 0xd000a5f0     0 g __ISTACK_END              DMI_DSPR .istack       .istack                     Test.elf
0x00000400 0x00000400     0 g __ISTACK_SIZE             *ABS*    *ABS*         *ABS*                       *ABS*
0xc0000418 0xc0000418     0 l __JCR_LIST__              PMI_PSPR .jcr          .jcr                        c:/hightec/toolchains/tricore/v4.6.6.1/bin/../lib/gcc/tricore/4.6.4/tc161/short-double/crtbegin.o
0x90000000 0x90000000     0 g __LMU_SRAM_BEGIN          *ABS*    *ABS*         *ABS*                       *ABS*
0x00008000 0x00008000     0 g __LMU_SRAM_SIZE           *ABS*    *ABS*         *ABS*                       *ABS*
0xc0000000 0xc0000000     0 g __PMI_PSPR_BEGIN          *ABS*    *ABS*         *ABS*                       *ABS*
0x00006000 0x00006000     0 g __PMI_PSPR_SIZE           *ABS*    *ABS*         *ABS*                       *ABS*
0xaf100000 0xaf100000     0 g __PMU_DFLASH0_1_BEGIN     *ABS*    *ABS*         *ABS*                       *ABS*
0x00004000 0x00004000     0 g __PMU_DFLASH0_1_SIZE      *ABS*    *ABS*         *ABS*                       *ABS*
0xaf000000 0xaf000000     0 g __PMU_DFLASH0_BEGIN       *ABS*    *ABS*         *ABS*                       *ABS*
0x00100000 0x00100000     0 g __PMU_DFLASH0_SIZE        *ABS*    *ABS*         *ABS*                       *ABS*
0xaf110000 0xaf110000     0 g __PMU_DFLASH1_BEGIN       *ABS*    *ABS*         *ABS*                       *ABS*
0x00010000 0x00010000     0 g __PMU_DFLASH1_SIZE        *ABS*    *ABS*         *ABS*                       *ABS*
0x80000000 0x80000000     0 g __PMU_PFLASH0_BEGIN       *ABS*    *ABS*         *ABS*                       *ABS*
0x00200000 0x00200000     0 g __PMU_PFLASH0_SIZE        *ABS*    *ABS*         *ABS*                       *ABS*
0x80200000 0x80200000     0 g __PMU_PFLASH1_BEGIN       *ABS*    *ABS*         *ABS*                       *ABS*
0x00200000 0x00200000     0 g __PMU_PFLASH1_SIZE        *ABS*    *ABS*         *ABS*                       *ABS*
0x00002700 0x00002700     0 g __TRICORE_DERIVATE_NAME__ *ABS*    *ABS*         *ABS*                       *ABS*
0xd000a1f0 0xd000a1f0     0 g __USTACK                  DMI_DSPR .ustack       .ustack                     Test.elf
0xd00091f0 0xd00091f0     0 g __USTACK_BEGIN            DMI_DSPR .ustack       .ustack                     Test.elf
0xd000a1f0 0xd000a1f0     0 g __USTACK_END              DMI_DSPR .ustack       .ustack                     Test.elf
0x00001000 0x00001000     0 g __USTACK_SIZE             *ABS*    *ABS*         *ABS*                       *ABS*
0xc000025c 0xc000025c     0 l __clear_byte              PMI_PSPR .startup_code .startup_code               c:/hightec/toolchains/tricore/v4.6.6.1/bin/../lib/gcc/tricore/4.6.4/crt0-tc27xx.o
0xc0000236 0xc0000236     0 l __clear_dword             PMI_PSPR .startup_code .startup_code               c:/hightec/toolchains/tricore/v4.6.6.1/bin/../lib/gcc/tricore/4.6.4/crt0-tc27xx.o
0xc000024c 0xc000024c     0 l __clear_hword             PMI_PSPR .startup_code .startup_code               c:/hightec/toolchains/tricore/v4.6.6.1/bin/../lib/gcc/tricore/4.6.4/crt0-tc27xx.o
0xc0000438 0xc0000438     0 g __clear_table             PMI_PSPR .clear_sec    .clear_sec                  Test.elf
0xc0000264 0xc0000264     0 l __clear_table_done        PMI_PSPR .startup_code .startup_code               c:/hightec/toolchains/tricore/v4.6.6.1/bin/../lib/gcc/tricore/4.6.4/crt0-tc27xx.o
0xc0000212 0xc0000212     0 g __clear_table_func        PMI_PSPR .startup_code .startup_code               c:/hightec/toolchains/tricore/v4.6.6.1/bin/../lib/gcc/tricore/4.6.4/crt0-tc27xx.o
0xc000021e 0xc000021e     0 l __clear_table_next        PMI_PSPR .startup_code .startup_code               c:/hightec/toolchains/tricore/v4.6.6.1/bin/../lib/gcc/tricore/4.6.4/crt0-tc27xx.o
0xc000023c 0xc000023c     0 l __clear_word              PMI_PSPR .startup_code .startup_code               c:/hightec/toolchains/tricore/v4.6.6.1/bin/../lib/gcc/tricore/4.6.4/crt0-tc27xx.o
0xc00002b6 0xc00002b6     0 l __copy_byte               PMI_PSPR .startup_code .startup_code               c:/hightec/toolchains/tricore/v4.6.6.1/bin/../lib/gcc/tricore/4.6.4/crt0-tc27xx.o
0xc0000288 0xc0000288     0 l __copy_dword              PMI_PSPR .startup_code .startup_code               c:/hightec/toolchains/tricore/v4.6.6.1/bin/../lib/gcc/tricore/4.6.4/crt0-tc27xx.o
0xc00002a4 0xc00002a4     0 l __copy_hword              PMI_PSPR .startup_code .startup_code               c:/hightec/toolchains/tricore/v4.6.6.1/bin/../lib/gcc/tricore/4.6.4/crt0-tc27xx.o
0xc0000460 0xc0000460     0 g __copy_table              PMI_PSPR .copy_sec     .copy_sec                   Test.elf
0xc00002c2 0xc00002c2     0 l __copy_table_done         PMI_PSPR .startup_code .startup_code               c:/hightec/toolchains/tricore/v4.6.6.1/bin/../lib/gcc/tricore/4.6.4/crt0-tc27xx.o
0xc0000266 0xc0000266     0 g __copy_table_func         PMI_PSPR .startup_code .startup_code               c:/hightec/toolchains/tricore/v4.6.6.1/bin/../lib/gcc/tricore/4.6.4/crt0-tc27xx.o
0xc000026e 0xc000026e     0 l __copy_table_next         PMI_PSPR .startup_code .startup_code               c:/hightec/toolchains/tricore/v4.6.6.1/bin/../lib/gcc/tricore/4.6.4/crt0-tc27xx.o
0xc0000292 0xc0000292     0 l __copy_word               PMI_PSPR .startup_code .startup_code               c:/hightec/toolchains/tricore/v4.6.6.1/bin/../lib/gcc/tricore/4.6.4/crt0-tc27xx.o
0xc00003e2 0xc00003e2     0 l __do_global_ctors_aux     PMI_PSPR .text         .text.__do_global_ctors_aux c:/hightec/toolchains/tricore/v4.6.6.1/bin/../lib/gcc/tricore/4.6.4/tc161/short-double/crtend.o
0xc000036c 0xc000036c     0 l __do_global_dtors_aux     PMI_PSPR .text         .text.__do_global_dtors_aux c:/hightec/toolchains/tricore/v4.6.6.1/bin/../lib/gcc/tricore/4.6.4/tc161/short-double/crtbegin.o
0xc000019e 0xc000019e     0 g __init_csa                PMI_PSPR .startup_code .startup_code               c:/hightec/toolchains/tricore/v4.6.6.1/bin/../lib/gcc/tricore/4.6.4/crt0-tc27xx.o
0xc0000122 0xc0000122     0 l __remapped                PMI_PSPR .startup_code .startup_code               c:/hightec/toolchains/tricore/v4.6.6.1/bin/../lib/gcc/tricore/4.6.4/crt0-tc27xx.o
0xc00003d2 0xc00003e1    16 g _exit                     PMI_PSPR .text         .text._exit                 libos_exit.o
0xc0000410 0xc0000410     0 g _fini                     PMI_PSPR .fini         .fini                       c:/hightec/toolchains/tricore/v4.6.6.1/bin/../lib/gcc/tricore/4.6.4/tc161/short-double/crti.o
0xc0000400 0xc0000400     0 g _init                     PMI_PSPR .init         .init                       c:/hightec/toolchains/tricore/v4.6.6.1/bin/../lib/gcc/tricore/4.6.4/tc161/short-double/crti.o
0xc0000020 0xc0000020     0 g _start                    PMI_PSPR .startup_code .startup_code               c:/hightec/toolchains/tricore/v4.6.6.1/bin/../lib/gcc/tricore/4.6.4/crt0-tc27xx.o
0xc0000024 0xc0000024     0 l _startaddr                PMI_PSPR .startup_code .startup_code               c:/hightec/toolchains/tricore/v4.6.6.1/bin/../lib/gcc/tricore/4.6.4/crt0-tc27xx.o
0xc000015e 0xc000015e     0 l asm_clear_endinit_xx      PMI_PSPR .startup_code .startup_code               c:/hightec/toolchains/tricore/v4.6.6.1/bin/../lib/gcc/tricore/4.6.4/crt0-tc27xx.o
0xc000017e 0xc000017e     0 l asm_set_endinit_xx        PMI_PSPR .startup_code .startup_code               c:/hightec/toolchains/tricore/v4.6.6.1/bin/../lib/gcc/tricore/4.6.4/crt0-tc27xx.o
0xd0000000 0xd0000000     0 l completed.3082            DMI_DSPR .bss          .bss                        c:/hightec/toolchains/tricore/v4.6.6.1/bin/../lib/gcc/tricore/4.6.4/tc161/short-double/crtbegin.o
0xc00001ee 0xc00001ee     0 l csa_loop                  PMI_PSPR .startup_code .startup_code               c:/hightec/toolchains/tricore/v4.6.6.1/bin/../lib/gcc/tricore/4.6.4/crt0-tc27xx.o
0xc00000f2 0xc00000f2     0 l disable_safety_wdt        PMI_PSPR .startup_code .startup_code               c:/hightec/toolchains/tricore/v4.6.6.1/bin/../lib/gcc/tricore/4.6.4/crt0-tc27xx.o
0xc0000040 0xc0000040     0 l do_endinit_cpuN           PMI_PSPR .startup_code .startup_code               c:/hightec/toolchains/tricore/v4.6.6.1/bin/../lib/gcc/tricore/4.6.4/crt0-tc27xx.o
0xc0000054 0xc0000054     0 l do_endinit_s              PMI_PSPR .startup_code .startup_code               c:/hightec/toolchains/tricore/v4.6.6.1/bin/../lib/gcc/tricore/4.6.4/crt0-tc27xx.o
0xd0000004 0xd0000004     0 l dtor_idx.3084             DMI_DSPR .bss          .bss                        c:/hightec/toolchains/tricore/v4.6.6.1/bin/../lib/gcc/tricore/4.6.4/tc161/short-double/crtbegin.o
0xc000004c 0xc000004c     0 l endinit_done_cpuN         PMI_PSPR .startup_code .startup_code               c:/hightec/toolchains/tricore/v4.6.6.1/bin/../lib/gcc/tricore/4.6.4/crt0-tc27xx.o
0xc0000066 0xc0000066     0 l endinit_done_s            PMI_PSPR .startup_code .startup_code               c:/hightec/toolchains/tricore/v4.6.6.1/bin/../lib/gcc/tricore/4.6.4/crt0-tc27xx.o
0xc00003b6 0xc00003b6     0 l frame_dummy               PMI_PSPR .text         .text.frame_dummy           c:/hightec/toolchains/tricore/v4.6.6.1/bin/../lib/gcc/tricore/4.6.4/tc161/short-double/crtbegin.o
0xc0000072 0xc0000072     0 l init_stack_pointers       PMI_PSPR .startup_code .startup_code               c:/hightec/toolchains/tricore/v4.6.6.1/bin/../lib/gcc/tricore/4.6.4/crt0-tc27xx.o
0xc0000116 0xc0000116     0 l jump_to_remapped          PMI_PSPR .startup_code .startup_code               c:/hightec/toolchains/tricore/v4.6.6.1/bin/../lib/gcc/tricore/4.6.4/crt0-tc27xx.o
0xc00002c8 0xc000036b   164 g main                      PMI_PSPR .text         .text                       src/hello.o


----- END EXTENDED MAP LISTING -----


Memory Configuration

Name             Origin             Length             Used               Free               Attributes
PMU_PFLASH0      0x80000000         0x00200000         0x00000000         0x00200000         xr !p
PMU_PFLASH1      0x80200000         0x00200000         0x00000000         0x00200000         xr !p
PMU_DFLASH0      0xaf000000         0x00100000         0x00000000         0x00100000         r !xp
PMU_DFLASH0_1    0xaf100000         0x00004000         0x00000000         0x00004000         r !xp
PMU_DFLASH1      0xaf110000         0x00010000         0x00000000         0x00010000         r !xp
BROM             0x8fff8000         0x00008000         0x00000000         0x00008000         xr !p
PMI_PSPR         0xc0000000         0x00006000         0x0000049c         0x00005b64         xw !p
DMI_DSPR         0xd0000000         0x0001c000         0x0000f600         0x0000ca00         w !xp
LMU_SRAM         0x90000000         0x00008000         0x00000000         0x00008000         w !xp
*default*        0x00000000         0xffffffff         0x00000046         0xffffffb9

Linker script and memory map

LOAD c:/hightec/toolchains/tricore/v4.6.6.1/bin/../lib/gcc/tricore/4.6.4/tc161/short-double/crti.o
LOAD c:/hightec/toolchains/tricore/v4.6.6.1/bin/../lib/gcc/tricore/4.6.4/tc161/short-double/crtbegin.o
LOAD c:/hightec/toolchains/tricore/v4.6.6.1/bin/../lib/gcc/tricore/4.6.4/crt0-tc27xx.o
LOAD src/hello.o
LOAD c:/hightec/toolchains/tricore/v4.6.6.1/bin/../lib/gcc/tricore/4.6.4/tc161/short-double\libgcc.a
LOAD c:/hightec/toolchains/tricore/v4.6.6.1/bin/../lib/gcc/tricore/4.6.4/../../../../tricore/lib/tc161/short-double\libdnk_c.a
LOAD c:/hightec/toolchains/tricore/v4.6.6.1/bin/../lib/gcc/tricore/4.6.4/../../../../tricore/lib/tc161/short-double\libos.a
LOAD c:/hightec/toolchains/tricore/v4.6.6.1/bin/../lib/gcc/tricore/4.6.4/../../../../tricore/lib/tc161/short-double\libdnk_c.a
LOAD c:/hightec/toolchains/tricore/v4.6.6.1/bin/../lib/gcc/tricore/4.6.4/tc161/short-double\libgcc.a
LOAD c:/hightec/toolchains/tricore/v4.6.6.1/bin/../lib/gcc/tricore/4.6.4/tc161/short-double/crtend.o
LOAD c:/hightec/toolchains/tricore/v4.6.6.1/bin/../lib/gcc/tricore/4.6.4/tc161/short-double/crtn.o
                0x80000000                __PMU_PFLASH0_BEGIN = 0x80000000
                0x00200000                __PMU_PFLASH0_SIZE = 0x200000
                0x80200000                __PMU_PFLASH1_BEGIN = 0x80200000
                0x00200000                __PMU_PFLASH1_SIZE = 0x200000
                0xaf000000                __PMU_DFLASH0_BEGIN = 0xaf000000
                0x00100000                __PMU_DFLASH0_SIZE = 0x100000
                0xaf100000                __PMU_DFLASH0_1_BEGIN = 0xaf100000
                0x00004000                __PMU_DFLASH0_1_SIZE = 0x4000
                0xaf110000                __PMU_DFLASH1_BEGIN = 0xaf110000
                0x00010000                __PMU_DFLASH1_SIZE = 0x10000
                0x8fff8000                __BROM_BEGIN = 0x8fff8000
                0x00008000                __BROM_SIZE = 0x8000
                0xc0000000                __PMI_PSPR_BEGIN = 0xc0000000
                0x00006000                __PMI_PSPR_SIZE = 0x6000
                0xd0000000                __DMI_DSPR_BEGIN = 0xd0000000
                0x0001c000                __DMI_DSPR_SIZE = 0x1c000
                0x90000000                __LMU_SRAM_BEGIN = 0x90000000
                0x00008000                __LMU_SRAM_SIZE = 0x8000
                [0x00001000]                __USTACK_SIZE = DEFINED (__USTACK_SIZE)?__USTACK_SIZE:0x1000
                [0x00000400]                __ISTACK_SIZE = DEFINED (__ISTACK_SIZE)?__ISTACK_SIZE:0x400
                [0x00001000]                __HEAP_SIZE = DEFINED (__HEAP_SIZE)?__HEAP_SIZE:0x1000
                [0x00004000]                __CSA_SIZE = DEFINED (__CSA_SIZE)?__CSA_SIZE:0x4000

.startup_code   memory region -> PMI_PSPR
                0xc0000000      0x2c8
                0xc0000000                PROVIDE (__startup_code_start, .)
 *(.startup_code)
 .startup_code  0xc0000000      0x2c4 c:/hightec/toolchains/tricore/v4.6.6.1/bin/../lib/gcc/tricore/4.6.4/crt0-tc27xx.o
                0xc0000020                _start
                0xc000019e                __init_csa
                0xc0000212                __clear_table_func
                0xc0000266                __copy_table_func
 *(.startup_code*)
                0xc00002c4                PROVIDE (__startup_code_end, .)
                0xc00002c8                . = ALIGN (0x8)
 *fill*         0xc00002c4        0x4 00

.text           memory region -> PMI_PSPR
                0xc00002c8      0x138
                0xc00002c8                PROVIDE (__text_start, .)
 *(.text)
 .text          0xc00002c8       0xa4 src/hello.o
                0xc00002c8                main
 *(.text*)
 .text.__do_global_dtors_aux
                0xc000036c       0x4a c:/hightec/toolchains/tricore/v4.6.6.1/bin/../lib/gcc/tricore/4.6.4/tc161/short-double/crtbegin.o
 .text.frame_dummy
                0xc00003b6       0x1c c:/hightec/toolchains/tricore/v4.6.6.1/bin/../lib/gcc/tricore/4.6.4/tc161/short-double/crtbegin.o
 .text._exit    0xc00003d2       0x10 c:/hightec/toolchains/tricore/v4.6.6.1/bin/../lib/gcc/tricore/4.6.4/../../../../tricore/lib/tc161/short-double\libos.a(libos_exit.o)
                0xc00003d2                _exit
 .text.__do_global_ctors_aux
                0xc00003e2       0x1a c:/hightec/toolchains/tricore/v4.6.6.1/bin/../lib/gcc/tricore/4.6.4/tc161/short-double/crtend.o
 *(.gnu.linkonce.t.*)
                0xc00003fc                PROVIDE (__text_end, .)
                0xc0000400                . = ALIGN (0x8)
 *fill*         0xc00003fc        0x4 00

.init           memory region -> PMI_PSPR
                0xc0000400       0x10
                0xc0000400                PROVIDE (__init_start, .)
 *(.init)
 .init          0xc0000400        0x0 c:/hightec/toolchains/tricore/v4.6.6.1/bin/../lib/gcc/tricore/4.6.4/tc161/short-double/crti.o
                0xc0000400                _init
 .init          0xc0000400        0x4 c:/hightec/toolchains/tricore/v4.6.6.1/bin/../lib/gcc/tricore/4.6.4/tc161/short-double/crtbegin.o
 .init          0xc0000404        0x4 c:/hightec/toolchains/tricore/v4.6.6.1/bin/../lib/gcc/tricore/4.6.4/tc161/short-double/crtend.o
 .init          0xc0000408        0x2 c:/hightec/toolchains/tricore/v4.6.6.1/bin/../lib/gcc/tricore/4.6.4/tc161/short-double/crtn.o
 *(.init*)
                0xc000040a                PROVIDE (__init_end, .)
                0xc0000410                . = ALIGN (0x8)
 *fill*         0xc000040a        0x6 00

.fini           memory region -> PMI_PSPR
                0xc0000410        0x8
                0xc0000410                PROVIDE (__fini_start, .)
 *(.fini)
 .fini          0xc0000410        0x0 c:/hightec/toolchains/tricore/v4.6.6.1/bin/../lib/gcc/tricore/4.6.4/tc161/short-double/crti.o
                0xc0000410                _fini
 .fini          0xc0000410        0x4 c:/hightec/toolchains/tricore/v4.6.6.1/bin/../lib/gcc/tricore/4.6.4/tc161/short-double/crtbegin.o
 .fini          0xc0000414        0x2 c:/hightec/toolchains/tricore/v4.6.6.1/bin/../lib/gcc/tricore/4.6.4/tc161/short-double/crtn.o
 *(.fini*)
                0xc0000416                PROVIDE (__fini_end, .)
                0xc0000418                . = ALIGN (0x8)
 *fill*         0xc0000416        0x2 00

.traptab        memory region -> PMI_PSPR
                0xc0000418        0x0
                0xc0000418                PROVIDE (__traptab_start, .)
 *(.traptab)
 *(.traptab*)
                0xc0000418                PROVIDE (__traptab_end, .)
                0xc0000418                . = ALIGN (0x8)

.inttab         memory region -> PMI_PSPR
                0xc0000418        0x0
                0xc0000418                PROVIDE (__inttab_start, .)
 *(.inttab)
 *(.inttab*)
                0xc0000418                PROVIDE (__inttab_end, .)
                0xc0000418                . = ALIGN (0x8)

.eh_frame       memory region -> PMI_PSPR
                0xc0000418        0x0
                0xc0000418                PROVIDE (__eh_frame_start, .)
 *(.eh_frame)
 *(.eh_frame*)
                0xc0000418                PROVIDE (__eh_frame_end, .)
                0xc0000418                . = ALIGN (0x8)

.zdata          memory region -> DMI_DSPR
                0xd0000000        0x0 load address 0xc0000418
                0xd0000000                PROVIDE (__zdata_start, .)
 *(.zdata)
 *(.zdata*)
 *(.zdata.rodata)
 *(.zdata.rodata*)
 *(.zrodata)
 *(.zrodata*)
 *(.gnu.linkonce.z.*)
 *(.gnu.linkonce.zr.*)
                0xd0000000                PROVIDE (__zdata_end, .)
                0xd0000000                . = ALIGN (0x8)

.zbss           memory region -> DMI_DSPR
                0xd0000000        0x0 load address 0xc0000418
                0xd0000000                PROVIDE (__zbss_start, .)
 *(.zbss)
 *(.zbss*)
 *(.gnu.linkonce.zb.*)
                0xd0000000                PROVIDE (__zbss_end, .)
                0xd0000000                . = ALIGN (0x8)

.bbss           memory region -> DMI_DSPR
                0xd0000000        0x0 load address 0xc0000418
                0xd0000000                PROVIDE (__bbss_start, .)
 *(.bbss)
 *(.bbss*)
                0xd0000000                PROVIDE (__bbss_end, .)
                0xd0000000                . = ALIGN (0x8)

.bdata          memory region -> DMI_DSPR
                0xd0000000        0x0 load address 0xc0000418
                0xd0000000                PROVIDE (__bdata_start, .)
 *(.bdata)
 *(.bdata*)
                0xd0000000                PROVIDE (__bdata_end, .)
                0xd0000000                . = ALIGN (0x8)

.sdata2         memory region -> PMI_PSPR
                0xc0000418        0x0
                0xc0000418                PROVIDE (__sdata2_start, .)
 *(.sdata.rodata)
 *(.sdata.rodata*)
 *(.gnu.linkonce.sr.*)
                0xc0000418                PROVIDE (__sdata2_end, .)
                0xc0000418                . = ALIGN (0x8)

.sdata          memory region -> DMI_DSPR
                0xd0000000        0x0 load address 0xc0000418
                0xd0000000                PROVIDE (__sdata_start, .)
 *(.sdata)
 *(.sdata*)
 *(.gnu.linkonce.s.*)
                0xd0000000                PROVIDE (__sdata_end, .)
                0xd0000000                . = ALIGN (0x8)

.sbss           memory region -> DMI_DSPR
                0xd0000000        0x0 load address 0xc0000418
                0xd0000000                PROVIDE (__sbss_start, .)
 *(.sbss)
 *(.sbss*)
 *(.gnu.linkonce.sb.*)
                0xd0000000                PROVIDE (__sbss_end, .)
                0xd0000000                . = ALIGN (0x8)

.rodata         memory region -> PMI_PSPR
                0xc0000418        0x0
                0xc0000418                PROVIDE (__rodata_start, .)
 *(.rodata)
 *(.rodata*)
 *(.gnu.linkonce.r.*)
 *(.jcr.*)
                0xc0000418                PROVIDE (__rodata_end, .)
                0xc0000418                . = ALIGN (0x8)

.data           memory region -> DMI_DSPR
                0xd0000000        0x0 load address 0xc0000418
                0xd0000000                PROVIDE (__data_start, .)
 *(.data)
 *(.data*)
 *(.gnu.linkonce.d.*)
                0xd0000000                PROVIDE (__data_end, .)
                0xd0000000                . = ALIGN (0x8)

.jcr            memory region -> PMI_PSPR
                0xc0000418        0x0
 .jcr           0xc0000418        0x0 c:/hightec/toolchains/tricore/v4.6.6.1/bin/../lib/gcc/tricore/4.6.4/tc161/short-double/crtbegin.o

.bss            memory region -> DMI_DSPR
                0xd0000000     0x91f0 load address 0xc0000418
                0xd0000000                PROVIDE (__bss_start, .)
 *(.bss)
 .bss           0xd0000000        0x8 c:/hightec/toolchains/tricore/v4.6.6.1/bin/../lib/gcc/tricore/4.6.4/tc161/short-double/crtbegin.o
 .bss           0xd0000008     0x91e8 src/hello.o
                0xd0000008                TestStruct5Var
                0xd0008748                TestVarArrayFloat32
                0xd0008770                TestVarArrayUint32
                0xd0008798                TestVarFloat2
                0xd000879c                TestVarFloat1
                0xd00087a0                TestVaru32_3
                0xd00087a4                TestVaru32_2
                0xd00087a8                TestVaru32_1
                0xd00087ac                TestStructVar2
                0xd000882c                TestStructArrayVar1
                0xd0008c6c                TestStructVar1Array
                0xd000916c                TestStructVar1
 *(.bss*)
 *(.gnu.linkonce.b.*)
                0xd00091f0                PROVIDE (__bss_end, .)
                0xd00091f0                . = ALIGN (0x8)

.pcptext        memory region -> PMI_PSPR
                0xc0000418        0x0
                0xc0000418                PROVIDE (__pcptext_start, .)
                0xc0000418                PROVIDE (__pcptext_end, .)
                0xc0000418                . = ALIGN (0x8)

.pcpdata        memory region -> PMI_PSPR
                0xc0000418        0x0
                0xc0000418                PROVIDE (__pcpdata_start, .)
                0xc0000418                PROVIDE (__pcpdata_end, .)
                0xc0000418                . = ALIGN (0x8)

.ctors          memory region -> PMI_PSPR
                0xc0000418       0x10
                0xc0000418                __CTOR_LIST__ = .
                0xc0000418        0x4 LONG 0x2 (((__CTOR_END__ - __CTOR_LIST__) / 0x4) - 0x2)
 *crtbegin.o(.ctors)
 .ctors         0xc000041c        0x4 c:/hightec/toolchains/tricore/v4.6.6.1/bin/../lib/gcc/tricore/4.6.4/tc161/short-double/crtbegin.o
 *(EXCLUDE_FILE(*crtend.o) .ctors)
 *(SORT(.ctors.*))
 *(.ctors)
 .ctors         0xc0000420        0x4 c:/hightec/toolchains/tricore/v4.6.6.1/bin/../lib/gcc/tricore/4.6.4/tc161/short-double/crtend.o
                0xc0000424        0x4 LONG 0x0
                0xc0000428                __CTOR_END__ = .
                0xc0000428                . = ALIGN (0x8)

.dtors          memory region -> PMI_PSPR
                0xc0000428       0x10
                0xc0000428                __DTOR_LIST__ = .
                0xc0000428        0x4 LONG 0x2 (((__DTOR_END__ - __DTOR_LIST__) / 0x4) - 0x2)
 *crtbegin.o(.dtors)
 .dtors         0xc000042c        0x4 c:/hightec/toolchains/tricore/v4.6.6.1/bin/../lib/gcc/tricore/4.6.4/tc161/short-double/crtbegin.o
 *(EXCLUDE_FILE(*crtend.o) .dtors)
 *(SORT(.dtors.*))
 *(.dtors)
 .dtors         0xc0000430        0x4 c:/hightec/toolchains/tricore/v4.6.6.1/bin/../lib/gcc/tricore/4.6.4/tc161/short-double/crtend.o
                0xc0000434        0x4 LONG 0x0
                0xc0000438                __DTOR_END__ = .
                0xc0000438                . = ALIGN (0x8)

.clear_sec      memory region -> PMI_PSPR
                0xc0000438       0x28
                0xc0000438                . = ALIGN (0x8)
                0xc0000438                PROVIDE (__clear_table, .)
                0xc0000438        0x4 LONG 0xd0000000 (0x0 + ADDR (.bss))
                0xc000043c        0x4 LONG 0x91f0 SIZEOF (.bss)
                0xc0000440        0x4 LONG 0xd0000000 (0x0 + ADDR (.sbss))
                0xc0000444        0x4 LONG 0x0 SIZEOF (.sbss)
                0xc0000448        0x4 LONG 0xd0000000 (0x0 + ADDR (.zbss))
                0xc000044c        0x4 LONG 0x0 SIZEOF (.zbss)
                0xc0000450        0x4 LONG 0xd0000000 (0x0 + ADDR (.bbss))
                0xc0000454        0x4 LONG 0x0 SIZEOF (.bbss)
                0xc0000458        0x4 LONG 0xffffffff
                0xc000045c        0x4 LONG 0xffffffff

.copy_sec       memory region -> PMI_PSPR
                0xc0000460       0x3c
                0xc0000460                . = ALIGN (0x8)
                0xc0000460                PROVIDE (__copy_table, .)
                0xc0000460        0x4 LONG 0xc0000418 LOADADDR (.data)
                0xc0000464        0x4 LONG 0xd0000000 (0x0 + ADDR (.data))
                0xc0000468        0x4 LONG 0x0 SIZEOF (.data)
                0xc000046c        0x4 LONG 0xc0000418 LOADADDR (.sdata)
                0xc0000470        0x4 LONG 0xd0000000 (0x0 + ADDR (.sdata))
                0xc0000474        0x4 LONG 0x0 SIZEOF (.sdata)
                0xc0000478        0x4 LONG 0xc0000418 LOADADDR (.zdata)
                0xc000047c        0x4 LONG 0xd0000000 (0x0 + ADDR (.zdata))
                0xc0000480        0x4 LONG 0x0 SIZEOF (.zdata)
                0xc0000484        0x4 LONG 0xc0000418 LOADADDR (.bdata)
                0xc0000488        0x4 LONG 0xd0000000 (0x0 + ADDR (.bdata))
                0xc000048c        0x4 LONG 0x0 SIZEOF (.bdata)
                0xc0000490        0x4 LONG 0xffffffff
                0xc0000494        0x4 LONG 0xffffffff
                0xc0000498        0x4 LONG 0xffffffff

.ustack         memory region -> DMI_DSPR
                0xd00091f0     0x1000
                0xd00091f0                . = ALIGN (0x8)
                0xd00091f0                __USTACK_BEGIN = .
                0xd000a1f0                . = (. + __USTACK_SIZE)
 *fill*         0xd00091f0     0x1000 00
                0xd000a1f0                . = ALIGN (0x8)
                0xd000a1f0                __USTACK = .
                0xd000a1f0                __USTACK_END = .

.istack         memory region -> DMI_DSPR
                0xd000a1f0      0x400
                0xd000a1f0                . = ALIGN (0x8)
                0xd000a1f0                __ISTACK_BEGIN = .
                0xd000a5f0                . = (. + __ISTACK_SIZE)
 *fill*         0xd000a1f0      0x400 00
                0xd000a5f0                . = ALIGN (0x8)
                0xd000a5f0                __ISTACK = .
                0xd000a5f0                __ISTACK_END = .

.heap           memory region -> DMI_DSPR
                0xd000a5f0     0x1000
                0xd000a5f0                . = ALIGN (0x8)
                0xd000a5f0                __HEAP_BEGIN = .
                0xd000a5f0                __HEAP = .
                0xd000b5f0                . = (. + __HEAP_SIZE)
 *fill*         0xd000a5f0     0x1000 00
                0xd000b5f0                . = ALIGN (0x8)
                0xd000b5f0                __HEAP_END = .

.csa            memory region -> DMI_DSPR
                0xd000b5f0     0x4010
                0xd000b600                . = ALIGN (0x40)
 *fill*         0xd000b5f0       0x10 00
                0xd000b600                __CSA_BEGIN = .
                0xd000b600                __CSA = .
                0xd000f600                . = (. + __CSA_SIZE)
 *fill*         0xd000b600     0x4000 00
                0xd000f600                . = ALIGN (0x40)
                0xd000f600                __CSA_END = .
OUTPUT(Test.elf elf32-tricore)

.version_info   memory region -> *default*
                0x00000000     0x4b30
 .version_info  0x00000000     0x17a4 c:/hightec/toolchains/tricore/v4.6.6.1/bin/../lib/gcc/tricore/4.6.4/tc161/short-double/crtbegin.o
 .version_info  0x000017a4      0xc3f src/hello.o
 .version_info  0x000023e3      0xfb1 c:/hightec/toolchains/tricore/v4.6.6.1/bin/../lib/gcc/tricore/4.6.4/../../../../tricore/lib/tc161/short-double\libos.a(libos_exit.o)
 .version_info  0x00003394     0x179c c:/hightec/toolchains/tricore/v4.6.6.1/bin/../lib/gcc/tricore/4.6.4/tc161/short-double/crtend.o

.comment        memory region -> *default*
                0x00000000       0x46
 .comment       0x00000000       0x46 c:/hightec/toolchains/tricore/v4.6.6.1/bin/../lib/gcc/tricore/4.6.4/tc161/short-double/crtbegin.o
                                 0x47 (size before relaxing)
 .comment       0x00000000       0x47 src/hello.o
 .comment       0x00000000       0x47 c:/hightec/toolchains/tricore/v4.6.6.1/bin/../lib/gcc/tricore/4.6.4/../../../../tricore/lib/tc161/short-double\libos.a(libos_exit.o)
 .comment       0x00000000       0x47 c:/hightec/toolchains/tricore/v4.6.6.1/bin/../lib/gcc/tricore/4.6.4/tc161/short-double/crtend.o

.debug_frame    memory region -> *default*
                0x00000000       0x40
 .debug_frame   0x00000000       0x20 src/hello.o
 .debug_frame   0x00000020       0x20 c:/hightec/toolchains/tricore/v4.6.6.1/bin/../lib/gcc/tricore/4.6.4/../../../../tricore/lib/tc161/short-double\libos.a(libos_exit.o)

.debug_info     memory region -> *default*
                0x00000000      0xac6
 .debug_info    0x00000000      0x8ac src/hello.o
 .debug_info    0x000008ac      0x1b9 c:/hightec/toolchains/tricore/v4.6.6.1/bin/../lib/gcc/tricore/4.6.4/../../../../tricore/lib/tc161/short-double\libos.a(libos_exit.o)
 .debug_info    0x00000a65       0x61 c:/hightec/toolchains/tricore/v4.6.6.1/bin/../lib/gcc/tricore/4.6.4/tc161/short-double/crtn.o

.debug_abbrev   memory region -> *default*
                0x00000000      0x14f
 .debug_abbrev  0x00000000       0xdc src/hello.o
 .debug_abbrev  0x000000dc       0x61 c:/hightec/toolchains/tricore/v4.6.6.1/bin/../lib/gcc/tricore/4.6.4/../../../../tricore/lib/tc161/short-double\libos.a(libos_exit.o)
 .debug_abbrev  0x0000013d       0x12 c:/hightec/toolchains/tricore/v4.6.6.1/bin/../lib/gcc/tricore/4.6.4/tc161/short-double/crtn.o

.debug_aranges  memory region -> *default*
                0x00000000       0x68
 .debug_aranges
                0x00000000       0x20 src/hello.o
 .debug_aranges
                0x00000020       0x20 c:/hightec/toolchains/tricore/v4.6.6.1/bin/../lib/gcc/tricore/4.6.4/../../../../tricore/lib/tc161/short-double\libos.a(libos_exit.o)
 .debug_aranges
                0x00000040       0x28 c:/hightec/toolchains/tricore/v4.6.6.1/bin/../lib/gcc/tricore/4.6.4/tc161/short-double/crtn.o

.debug_line     memory region -> *default*
                0x00000000      0x19f
 .debug_line    0x00000000       0xe8 src/hello.o
 .debug_line    0x000000e8       0x72 c:/hightec/toolchains/tricore/v4.6.6.1/bin/../lib/gcc/tricore/4.6.4/../../../../tricore/lib/tc161/short-double\libos.a(libos_exit.o)
 .debug_line    0x0000015a       0x45 c:/hightec/toolchains/tricore/v4.6.6.1/bin/../lib/gcc/tricore/4.6.4/tc161/short-double/crtn.o

.debug_macinfo  memory region -> *default*
                0x00000000     0x283c
 .debug_macinfo
                0x00000000     0x283c src/hello.o

.debug_str      memory region -> *default*
                0x00000000       0x6c
 .debug_str     0x00000000       0x6c src/hello.o

.debug_ranges   memory region -> *default*
                0x00000000       0x30
 .debug_ranges  0x00000000       0x10 c:/hightec/toolchains/tricore/v4.6.6.1/bin/../lib/gcc/tricore/4.6.4/../../../../tricore/lib/tc161/short-double\libos.a(libos_exit.o)
 .debug_ranges  0x00000010       0x20 c:/hightec/toolchains/tricore/v4.6.6.1/bin/../lib/gcc/tricore/4.6.4/tc161/short-double/crtn.o

Cross Reference Table

Symbol                                            File
TestStruct5Var                                    src/hello.o
TestStructArrayVar1                               src/hello.o
TestStructVar1                                    src/hello.o
TestStructVar1Array                               src/hello.o
TestStructVar2                                    src/hello.o
TestVarArrayFloat32                               src/hello.o
TestVarArrayUint32                                src/hello.o
TestVarFloat1                                     src/hello.o
TestVarFloat2                                     src/hello.o
TestVaru32_1                                      src/hello.o
TestVaru32_2                                      src/hello.o
TestVaru32_3                                      src/hello.o
_Jv_RegisterClasses                               c:/hightec/toolchains/tricore/v4.6.6.1/bin/../lib/gcc/tricore/4.6.4/tc161/short-double/crtbegin.o
_SMALL_DATA2_                                     c:/hightec/toolchains/tricore/v4.6.6.1/bin/../lib/gcc/tricore/4.6.4/crt0-tc27xx.o
_SMALL_DATA3_                                     c:/hightec/toolchains/tricore/v4.6.6.1/bin/../lib/gcc/tricore/4.6.4/crt0-tc27xx.o
_SMALL_DATA4_                                     c:/hightec/toolchains/tricore/v4.6.6.1/bin/../lib/gcc/tricore/4.6.4/crt0-tc27xx.o
_SMALL_DATA_                                      c:/hightec/toolchains/tricore/v4.6.6.1/bin/../lib/gcc/tricore/4.6.4/crt0-tc27xx.o
__CSA_BEGIN                                       c:/hightec/toolchains/tricore/v4.6.6.1/bin/../lib/gcc/tricore/4.6.4/crt0-tc27xx.o
__CSA_END                                         c:/hightec/toolchains/tricore/v4.6.6.1/bin/../lib/gcc/tricore/4.6.4/crt0-tc27xx.o
__DTOR_END__                                      c:/hightec/toolchains/tricore/v4.6.6.1/bin/../lib/gcc/tricore/4.6.4/tc161/short-double/crtend.o
                                                  c:/hightec/toolchains/tricore/v4.6.6.1/bin/../lib/gcc/tricore/4.6.4/tc161/short-double/crtbegin.o
__ISTACK                                          c:/hightec/toolchains/tricore/v4.6.6.1/bin/../lib/gcc/tricore/4.6.4/crt0-tc27xx.o
__TRICORE_DERIVATE_NAME__                         c:/hightec/toolchains/tricore/v4.6.6.1/bin/../lib/gcc/tricore/4.6.4/crt0-tc27xx.o
__USTACK                                          c:/hightec/toolchains/tricore/v4.6.6.1/bin/../lib/gcc/tricore/4.6.4/crt0-tc27xx.o
__clear_table                                     c:/hightec/toolchains/tricore/v4.6.6.1/bin/../lib/gcc/tricore/4.6.4/crt0-tc27xx.o
__clear_table_func                                c:/hightec/toolchains/tricore/v4.6.6.1/bin/../lib/gcc/tricore/4.6.4/crt0-tc27xx.o
__copy_table                                      c:/hightec/toolchains/tricore/v4.6.6.1/bin/../lib/gcc/tricore/4.6.4/crt0-tc27xx.o
__copy_table_func                                 c:/hightec/toolchains/tricore/v4.6.6.1/bin/../lib/gcc/tricore/4.6.4/crt0-tc27xx.o
__dso_handle                                      c:/hightec/toolchains/tricore/v4.6.6.1/bin/../lib/gcc/tricore/4.6.4/tc161/short-double/crtbegin.o
__init_csa                                        c:/hightec/toolchains/tricore/v4.6.6.1/bin/../lib/gcc/tricore/4.6.4/crt0-tc27xx.o
__progname                                        c:/hightec/toolchains/tricore/v4.6.6.1/bin/../lib/gcc/tricore/4.6.4/../../../../tricore/lib/tc161/short-double\libos.a(libos_exit.o)
_exit                                             c:/hightec/toolchains/tricore/v4.6.6.1/bin/../lib/gcc/tricore/4.6.4/../../../../tricore/lib/tc161/short-double\libos.a(libos_exit.o)
                                                  c:/hightec/toolchains/tricore/v4.6.6.1/bin/../lib/gcc/tricore/4.6.4/crt0-tc27xx.o
_fini                                             c:/hightec/toolchains/tricore/v4.6.6.1/bin/../lib/gcc/tricore/4.6.4/tc161/short-double/crti.o
_init                                             c:/hightec/toolchains/tricore/v4.6.6.1/bin/../lib/gcc/tricore/4.6.4/tc161/short-double/crti.o
                                                  c:/hightec/toolchains/tricore/v4.6.6.1/bin/../lib/gcc/tricore/4.6.4/crt0-tc27xx.o
_start                                            c:/hightec/toolchains/tricore/v4.6.6.1/bin/../lib/gcc/tricore/4.6.4/crt0-tc27xx.o
main                                              src/hello.o
                                                  c:/hightec/toolchains/tricore/v4.6.6.1/bin/../lib/gcc/tricore/4.6.4/crt0-tc27xx.o
